[VulkanContext] available physical devices (3):
  [0] NVIDIA GeForce RTX 5090  type=DISCRETE  api=1.4.303
        queue_family[0]: graphics+compute+transfer+sparse (count=16)  <- compute pick
        queue_family[1]: transfer+sparse (count=2)
        queue_family[2]: compute+transfer+sparse (count=8)
        queue_family[3]: transfer+sparse (count=2)
        queue_family[4]: transfer+sparse (count=2)
        queue_family[5]: transfer+sparse (count=1)
  [1] AMD Radeon(TM) Graphics  type=INTEGRATED  api=1.4.315
        queue_family[0]: graphics+compute+transfer+sparse (count=8)  <- compute pick
        queue_family[1]: compute+transfer+sparse (count=4)
        queue_family[2]: transfer+sparse (count=1)
        queue_family[3]: none (count=1)
        queue_family[4]: none (count=1)
  [2] NVIDIA GeForce RTX 5090  type=DISCRETE  api=1.4.303
        queue_family[0]: graphics+compute+transfer+sparse (count=16)  <- compute pick
        queue_family[1]: transfer+sparse (count=2)
        queue_family[2]: compute+transfer+sparse (count=8)
        queue_family[3]: transfer+sparse (count=2)
        queue_family[4]: transfer+sparse (count=2)
        queue_family[5]: transfer+sparse (count=1)
[VulkanContext] selected: [2] NVIDIA GeForce RTX 5090 on queue_family[0]
[Simulator] WORKGROUP_SIZE check:
  requested workgroup x = 128
  device maxComputeWorkGroupSize  = (1024, 1024, 64)
  device maxComputeWorkGroupInvocations = 1024
  ok

[Simulator] loaded 8 shader modules from C:\Users\cchen\PycharmProjects\vulkan-demo\shaders\spv\sph
[Simulator] allocated 32 buffers, 1814.09 MB total (device-local)
[Simulator] allocated 9 scratch buffers for defrag, 1612.73 MB total (device-local)
[Simulator] uploaded initial state to 32 buffers
[Simulator] bootstrap ok: alive=10503459
[Simulator] init defrag complete (cadence=1000)
[kernel_breakdown] solver=v0 gpu=NVIDIA GeForce RTX 5090 particles=10,503,459 dimension=3 timestampPeriod=1.0ns
RESULT {"solver": "v0", "case": "cases/cavity3d_8m/case.yaml", "tag": "cavity3d_8m", "run": 3, "device": 2, "gpu": "NVIDIA GeForce RTX 5090", "dimension": 3, "particles": 10503459, "alive": 10503459, "drift": 0, "overflow": 0, "warmup": 1000, "measure": 2000, "frames_timed": 1998, "cpu_fps": 11.681461178842008, "timestamp_period_ns": 1.0, "mean_us": {"predict": 507.25, "update_voxel": 359.79, "correction": 26826.78, "density_kernel": 27076.94, "density_copy": 355.54, "force": 30171.07, "gpu_frame": 85297.38}, "p50_us": {"predict": 507.17, "update_voxel": 359.42, "correction": 26703.36, "density_kernel": 26941.31, "density_copy": 355.46, "force": 29981.57, "gpu_frame": 84840.32}, "std_us": {"predict": 1.48, "update_voxel": 2.45, "correction": 543.28, "density_kernel": 580.59, "density_copy": 0.99, "force": 826.66, "gpu_frame": 1950.6}}
