[campaign] out=C:\Users\cchen\PycharmProjects\vulkan-demo\logs\single_baseline_20260923  trials=3  sizes=['1m', '1m_orig', '2m', '4m', '6m', '8m', '10m', '14m', '16m', '32m']  configs=[('v0', 1), ('v0', 2), ('v5', 1), ('v5', 2)]  already_done=0
[campaign] headless 5090 uuid=ae137c668a40f5acaab90a83f7cda175 -> device index per solver: {'v0': 2, 'v5': 1}
[campaign] t=      0s  trial 1  1m       v0 in_flight=1 ...  fps=  514.09  drift=+0  (21.8s)
[campaign] t=     23s  trial 1  1m       v0 in_flight=2 ...  fps=  547.47  drift=+0  (20.6s)
[campaign] t=     44s  trial 1  1m       v5 in_flight=1 ...  fps=  504.66  drift=+0  (23.2s)
[campaign] t=     69s  trial 1  1m       v5 in_flight=2 ...  fps=  528.47  drift=+0  (22.2s)
[campaign] t=     92s  trial 1  1m_orig  v0 in_flight=1 ...  fps=  535.94  drift=+0  (21.0s)
[campaign] t=    114s  trial 1  1m_orig  v0 in_flight=2 ...  fps=  564.99  drift=+0  (19.9s)
[campaign] t=    135s  trial 1  1m_orig  v5 in_flight=1 ...  fps=  500.82  drift=+0  (24.2s)
[campaign] t=    160s  trial 1  1m_orig  v5 in_flight=2 ...  fps=  526.24  drift=+0  (22.6s)
[campaign] t=    184s  trial 1  2m       v0 in_flight=1 ...  fps=  266.97  drift=+0  (26.6s)
[campaign] t=    211s  trial 1  2m       v0 in_flight=2 ...  fps=  274.52  drift=+0  (25.8s)
[campaign] t=    238s  trial 1  2m       v5 in_flight=1 ...  fps=  258.56  drift=+0  (29.3s)
[campaign] t=    268s  trial 1  2m       v5 in_flight=2 ...  fps=  265.70  drift=+0  (28.5s)
[campaign] t=    298s  trial 1  4m       v0 in_flight=1 ...  fps=  129.84  drift=+0  (43.6s)
[campaign] t=    342s  trial 1  4m       v0 in_flight=2 ...  fps=  131.77  drift=+0  (38.5s)
[campaign] t=    382s  trial 1  4m       v5 in_flight=1 ...  fps=  124.05  drift=+0  (61.5s)
[campaign] t=    444s  trial 1  4m       v5 in_flight=2 ...  fps=  126.48  drift=+0  (60.8s)
[campaign] t=    506s  trial 1  6m       v0 in_flight=1 ...  fps=   93.32  drift=+0  (47.4s)
[campaign] t=    555s  trial 1  6m       v0 in_flight=2 ...  fps=   94.19  drift=+0  (43.1s)
[campaign] t=    599s  trial 1  6m       v5 in_flight=1 ...  fps=   90.69  drift=+0  (50.3s)
[campaign] t=    650s  trial 1  6m       v5 in_flight=2 ...  fps=   91.69  drift=+0  (49.4s)
[campaign] t=    701s  trial 1  8m       v0 in_flight=1 ...  fps=   69.88  drift=+0  (48.9s)
[campaign] t=    750s  trial 1  8m       v0 in_flight=2 ...  fps=   70.52  drift=+0  (43.3s)
[campaign] t=    795s  trial 1  8m       v5 in_flight=1 ...  fps=   67.18  drift=+0  (52.9s)
[campaign] t=    849s  trial 1  8m       v5 in_flight=2 ...  fps=   67.82  drift=+0  (52.1s)
[campaign] t=    902s  trial 1  10m      v0 in_flight=1 ...  fps=   57.49  drift=+0  (59.5s)
[campaign] t=    962s  trial 1  10m      v0 in_flight=2 ...  fps=   57.94  drift=+0  (52.7s)
[campaign] t=   1016s  trial 1  10m      v5 in_flight=1 ...  fps=   55.85  drift=+0  (64.0s)
[campaign] t=   1081s  trial 1  10m      v5 in_flight=2 ...  fps=   56.12  drift=+0  (63.3s)
[campaign] t=   1145s  trial 1  14m      v0 in_flight=1 ...  fps=   39.42  drift=+0  (86.1s)
[campaign] t=   1232s  trial 1  14m      v0 in_flight=2 ...  fps=   39.68  drift=+0  (76.9s)
[campaign] t=   1310s  trial 1  14m      v5 in_flight=1 ...  fps=   38.11  drift=+0  (93.6s)
[campaign] t=   1405s  trial 1  14m      v5 in_flight=2 ...  fps=   38.27  drift=+0  (92.7s)
[campaign] t=   1499s  trial 1  16m      v0 in_flight=1 ...  fps=   35.33  drift=+0  (96.2s)
[campaign] t=   1596s  trial 1  16m      v0 in_flight=2 ...  fps=   35.59  drift=+0  (85.7s)
[campaign] t=   1683s  trial 1  16m      v5 in_flight=1 ...  fps=   34.13  drift=+0  (104.0s)
[campaign] t=   1788s  trial 1  16m      v5 in_flight=2 ...  fps=   34.35  drift=+0  (103.1s)
[campaign] t=   1892s  trial 1  32m      v0 in_flight=1 ...  fps=   18.19  drift=+0  (188.1s)
[campaign] t=   2081s  trial 1  32m      v0 in_flight=2 ...  fps=   18.25  drift=+0  (166.8s)
[campaign] t=   2249s  trial 1  32m      v5 in_flight=1 ...  fps=   17.60  drift=+0  (203.7s)
[campaign] t=   2453s  trial 1  32m      v5 in_flight=2 ...  fps=   17.68  drift=+0  (202.6s)
[campaign] t=   2657s  trial 2  1m       v0 in_flight=2 ...  fps=  545.62  drift=+0  (20.6s)
[campaign] t=   2679s  trial 2  1m       v5 in_flight=1 ...  fps=  505.03  drift=+0  (23.2s)
[campaign] t=   2703s  trial 2  1m       v5 in_flight=2 ...  fps=  528.41  drift=+0  (22.2s)
[campaign] t=   2726s  trial 2  1m       v0 in_flight=1 ...  fps=  521.64  drift=+0  (21.5s)
[campaign] t=   2748s  trial 2  1m_orig  v0 in_flight=2 ...  fps=  564.22  drift=+0  (19.9s)
[campaign] t=   2769s  trial 2  1m_orig  v5 in_flight=1 ...  fps=  502.53  drift=+0  (23.6s)
[campaign] t=   2794s  trial 2  1m_orig  v5 in_flight=2 ...  fps=  525.38  drift=+0  (22.6s)
[campaign] t=   2818s  trial 2  1m_orig  v0 in_flight=1 ...  fps=  537.98  drift=+0  (20.9s)
[campaign] t=   2839s  trial 2  2m       v0 in_flight=2 ...  fps=  274.11  drift=+0  (25.9s)
[campaign] t=   2866s  trial 2  2m       v5 in_flight=1 ...  fps=  259.02  drift=+0  (29.3s)
[campaign] t=   2897s  trial 2  2m       v5 in_flight=2 ...  fps=  265.20  drift=+0  (28.6s)
[campaign] t=   2926s  trial 2  2m       v0 in_flight=1 ...  fps=  267.24  drift=+0  (26.6s)
[campaign] t=   2954s  trial 2  4m       v0 in_flight=2 ...  fps=  131.64  drift=+0  (38.5s)
[campaign] t=   2993s  trial 2  4m       v5 in_flight=1 ...  fps=  123.97  drift=+0  (61.6s)
[campaign] t=   3056s  trial 2  4m       v5 in_flight=2 ...  fps=  126.28  drift=+0  (60.8s)
[campaign] t=   3118s  trial 2  4m       v0 in_flight=1 ...  fps=  129.77  drift=+0  (39.1s)
[campaign] t=   3158s  trial 2  6m       v0 in_flight=2 ...  fps=   94.78  drift=+0  (42.9s)
[campaign] t=   3202s  trial 2  6m       v5 in_flight=1 ...  fps=   90.48  drift=+0  (50.0s)
[campaign] t=   3253s  trial 2  6m       v5 in_flight=2 ...  fps=   90.73  drift=+0  (49.8s)
[campaign] t=   3304s  trial 2  6m       v0 in_flight=1 ...  fps=   92.94  drift=+0  (43.7s)
[campaign] t=   3348s  trial 2  8m       v0 in_flight=2 ...  fps=   70.27  drift=+0  (43.4s)
[campaign] t=   3393s  trial 2  8m       v5 in_flight=1 ...  fps=   67.18  drift=+0  (52.5s)
[campaign] t=   3446s  trial 2  8m       v5 in_flight=2 ...  fps=   67.74  drift=+0  (52.1s)
[campaign] t=   3499s  trial 2  8m       v0 in_flight=1 ...  fps=   69.95  drift=+0  (43.6s)
[campaign] t=   3544s  trial 2  10m      v0 in_flight=2 ...  fps=   58.02  drift=+0  (52.7s)
[campaign] t=   3598s  trial 2  10m      v5 in_flight=1 ...  fps=   55.58  drift=+0  (63.8s)
[campaign] t=   3662s  trial 2  10m      v5 in_flight=2 ...  fps=   56.28  drift=+0  (63.2s)
[campaign] t=   3726s  trial 2  10m      v0 in_flight=1 ...  fps=   57.42  drift=+0  (53.2s)
[campaign] t=   3781s  trial 2  14m      v0 in_flight=2 ...  fps=   39.68  drift=+0  (76.9s)
[campaign] t=   3858s  trial 2  14m      v5 in_flight=1 ...  fps=   37.97  drift=+0  (93.2s)
[campaign] t=   3953s  trial 2  14m      v5 in_flight=2 ...  fps=   38.26  drift=+0  (92.8s)
[campaign] t=   4047s  trial 2  14m      v0 in_flight=1 ...  fps=   39.42  drift=+0  (77.3s)
[campaign] t=   4125s  trial 2  16m      v0 in_flight=2 ...  fps=   35.59  drift=+0  (85.6s)
[campaign] t=   4211s  trial 2  16m      v5 in_flight=1 ...  fps=   34.15  drift=+0  (103.5s)
[campaign] t=   4316s  trial 2  16m      v5 in_flight=2 ...  fps=   34.33  drift=+0  (102.9s)
[campaign] t=   4420s  trial 2  16m      v0 in_flight=1 ...  fps=   35.37  drift=+0  (86.1s)
[campaign] t=   4507s  trial 2  32m      v0 in_flight=2 ...  fps=   18.25  drift=+0  (166.8s)
[campaign] t=   4675s  trial 2  32m      v5 in_flight=1 ...  fps=   17.61  drift=+0  (203.2s)
[campaign] t=   4879s  trial 2  32m      v5 in_flight=2 ...  fps=   17.67  drift=+0  (202.7s)
[campaign] t=   5083s  trial 2  32m      v0 in_flight=1 ...  fps=   18.19  drift=+0  (167.5s)
[campaign] t=   5251s  trial 3  1m       v5 in_flight=1 ...  fps=  505.26  drift=+0  (23.2s)
[campaign] t=   5275s  trial 3  1m       v5 in_flight=2 ...  fps=  528.65  drift=+0  (22.2s)
[campaign] t=   5299s  trial 3  1m       v0 in_flight=1 ...  fps=  521.28  drift=+0  (21.5s)
[campaign] t=   5321s  trial 3  1m       v0 in_flight=2 ...  fps=  545.63  drift=+0  (20.5s)
[campaign] t=   5343s  trial 3  1m_orig  v5 in_flight=1 ...  fps=  502.76  drift=+0  (23.6s)
[campaign] t=   5367s  trial 3  1m_orig  v5 in_flight=2 ...  fps=  525.19  drift=+0  (22.7s)
[campaign] t=   5391s  trial 3  1m_orig  v0 in_flight=1 ...  fps=  537.63  drift=+0  (20.9s)
[campaign] t=   5413s  trial 3  1m_orig  v0 in_flight=2 ...  fps=  564.68  drift=+0  (19.9s)
[campaign] t=   5434s  trial 3  2m       v5 in_flight=1 ...  fps=  259.46  drift=+0  (29.2s)
[campaign] t=   5464s  trial 3  2m       v5 in_flight=2 ...  fps=  265.62  drift=+0  (28.6s)
[campaign] t=   5493s  trial 3  2m       v0 in_flight=1 ...  fps=  267.02  drift=+0  (26.6s)
[campaign] t=   5521s  trial 3  2m       v0 in_flight=2 ...  fps=  273.97  drift=+0  (25.9s)
[campaign] t=   5548s  trial 3  4m       v5 in_flight=1 ...  fps=  124.26  drift=+0  (61.5s)
[campaign] t=   5610s  trial 3  4m       v5 in_flight=2 ...  fps=  126.07  drift=+0  (60.9s)
[campaign] t=   5672s  trial 3  4m       v0 in_flight=1 ...  fps=  129.64  drift=+0  (39.1s)
[campaign] t=   5712s  trial 3  4m       v0 in_flight=2 ...  fps=  131.61  drift=+0  (38.6s)
[campaign] t=   5752s  trial 3  6m       v5 in_flight=1 ...  fps=   90.65  drift=+0  (49.9s)
[campaign] t=   5803s  trial 3  6m       v5 in_flight=2 ...  fps=   91.54  drift=+0  (49.4s)
[campaign] t=   5853s  trial 3  6m       v0 in_flight=1 ...  fps=   92.90  drift=+0  (43.6s)
[campaign] t=   5898s  trial 3  6m       v0 in_flight=2 ...  fps=   94.55  drift=+0  (43.1s)
[campaign] t=   5942s  trial 3  8m       v5 in_flight=1 ...  fps=   67.11  drift=+0  (52.5s)
[campaign] t=   5996s  trial 3  8m       v5 in_flight=2 ...  fps=   67.72  drift=+0  (52.2s)
[campaign] t=   6049s  trial 3  8m       v0 in_flight=1 ...  fps=   69.91  drift=+0  (43.7s)
[campaign] t=   6093s  trial 3  8m       v0 in_flight=2 ...  fps=   70.43  drift=+0  (43.3s)
[campaign] t=   6138s  trial 3  10m      v5 in_flight=1 ...  fps=   55.74  drift=+0  (63.6s)
[campaign] t=   6202s  trial 3  10m      v5 in_flight=2 ...  fps=   56.22  drift=+0  (63.2s)
[campaign] t=   6267s  trial 3  10m      v0 in_flight=1 ...  fps=   57.48  drift=+0  (53.2s)
[campaign] t=   6321s  trial 3  10m      v0 in_flight=2 ...  fps=   57.91  drift=+0  (52.7s)
[campaign] t=   6375s  trial 3  14m      v5 in_flight=1 ...  fps=   37.92  drift=+0  (93.3s)
[campaign] t=   6469s  trial 3  14m      v5 in_flight=2 ...  fps=   38.24  drift=+0  (92.8s)
[campaign] t=   6563s  trial 3  14m      v0 in_flight=1 ...  fps=   39.44  drift=+0  (77.3s)
[campaign] t=   6641s  trial 3  14m      v0 in_flight=2 ...  fps=   39.68  drift=+0  (76.8s)
[campaign] t=   6719s  trial 3  16m      v5 in_flight=1 ...  fps=   34.16  drift=+0  (103.3s)
[campaign] t=   6823s  trial 3  16m      v5 in_flight=2 ...  fps=   34.41  drift=+0  (102.9s)
[campaign] t=   6927s  trial 3  16m      v0 in_flight=1 ...  fps=   35.38  drift=+0  (86.1s)
[campaign] t=   7014s  trial 3  16m      v0 in_flight=2 ...  fps=   35.62  drift=+0  (85.6s)
[campaign] t=   7101s  trial 3  32m      v5 in_flight=1 ...  fps=   17.61  drift=+0  (203.1s)
[campaign] t=   7305s  trial 3  32m      v5 in_flight=2 ...  fps=   17.68  drift=+0  (203.2s)
[campaign] t=   7509s  trial 3  32m      v0 in_flight=1 ...  fps=   18.19  drift=+0  (167.3s)
[campaign] t=   7677s  trial 3  32m      v0 in_flight=2 ...  fps=   18.25  drift=+0  (166.9s)
[campaign] DONE in 130.8 min
