[campaign] out=C:\Users\cchen\PycharmProjects\vulkan-demo\logs\single_baseline_20260923_v5fix  trials=3  sizes=['1m', '1m_orig', '2m', '4m', '6m', '8m', '10m', '14m', '16m', '32m']  configs=[('v0', 1), ('v0', 2), ('v5', 1), ('v5', 2)]  already_done=0
[campaign] headless 5090 uuid=ae137c668a40f5acaab90a83f7cda175 -> device index per solver: {'v0': 2, 'v5': 1}
[campaign] t=      0s  trial 1  1m       v0 in_flight=1 ...  fps=  522.08  drift=+0  (21.5s)
[campaign] t=     22s  trial 1  1m       v0 in_flight=2 ...  fps=  546.15  drift=+0  (20.5s)
[campaign] t=     44s  trial 1  1m       v5 in_flight=1 ...  fps=  521.11  drift=+0  (22.8s)
[campaign] t=     68s  trial 1  1m       v5 in_flight=2 ...  fps=  548.95  drift=+0  (21.5s)
[campaign] t=     90s  trial 1  1m_orig  v0 in_flight=1 ...  fps=  538.23  drift=+0  (20.8s)
[campaign] t=    112s  trial 1  1m_orig  v0 in_flight=2 ...  fps=  564.72  drift=+0  (19.9s)
[campaign] t=    133s  trial 1  1m_orig  v5 in_flight=1 ...  fps=  523.85  drift=+0  (23.1s)
[campaign] t=    157s  trial 1  1m_orig  v5 in_flight=2 ...  fps=  548.76  drift=+0  (21.9s)
[campaign] t=    180s  trial 1  2m       v0 in_flight=1 ...  fps=  267.16  drift=+0  (26.6s)
[campaign] t=    208s  trial 1  2m       v0 in_flight=2 ...  fps=  275.04  drift=+0  (25.8s)
[campaign] t=    234s  trial 1  2m       v5 in_flight=1 ...  fps=  269.76  drift=+0  (28.2s)
[campaign] t=    264s  trial 1  2m       v5 in_flight=2 ...  fps=  277.61  drift=+0  (27.4s)
[campaign] t=    292s  trial 1  4m       v0 in_flight=1 ...  fps=  129.90  drift=+0  (39.1s)
[campaign] t=    332s  trial 1  4m       v0 in_flight=2 ...  fps=  131.78  drift=+0  (38.5s)
[campaign] t=    372s  trial 1  4m       v5 in_flight=1 ...  fps=  129.82  drift=+0  (60.5s)
[campaign] t=    433s  trial 1  4m       v5 in_flight=2 ...  fps=  132.11  drift=+0  (59.5s)
[campaign] t=    494s  trial 1  6m       v0 in_flight=1 ...  fps=   93.42  drift=+0  (43.4s)
[campaign] t=    538s  trial 1  6m       v0 in_flight=2 ...  fps=   94.40  drift=+0  (43.0s)
[campaign] t=    582s  trial 1  6m       v5 in_flight=1 ...  fps=   95.02  drift=+0  (48.4s)
[campaign] t=    631s  trial 1  6m       v5 in_flight=2 ...  fps=   95.88  drift=+0  (47.6s)
[campaign] t=    680s  trial 1  8m       v0 in_flight=1 ...  fps=   69.94  drift=+0  (43.7s)
[campaign] t=    725s  trial 1  8m       v0 in_flight=2 ...  fps=   70.44  drift=+0  (43.3s)
[campaign] t=    769s  trial 1  8m       v5 in_flight=1 ...  fps=   70.84  drift=+0  (50.5s)
[campaign] t=    820s  trial 1  8m       v5 in_flight=2 ...  fps=   71.67  drift=+0  (49.9s)
[campaign] t=    871s  trial 1  10m      v0 in_flight=1 ...  fps=   57.51  drift=+0  (53.2s)
[campaign] t=    926s  trial 1  10m      v0 in_flight=2 ...  fps=   57.95  drift=+0  (52.7s)
[campaign] t=    979s  trial 1  10m      v5 in_flight=1 ...  fps=   58.33  drift=+0  (61.9s)
[campaign] t=   1042s  trial 1  10m      v5 in_flight=2 ...  fps=   58.98  drift=+0  (60.8s)
[campaign] t=   1104s  trial 1  14m      v0 in_flight=1 ...  fps=   39.45  drift=+0  (77.3s)
[campaign] t=   1182s  trial 1  14m      v0 in_flight=2 ...  fps=   39.69  drift=+0  (76.9s)
[campaign] t=   1260s  trial 1  14m      v5 in_flight=1 ...  fps=   39.70  drift=+0  (90.3s)
[campaign] t=   1351s  trial 1  14m      v5 in_flight=2 ...  fps=   40.06  drift=+0  (89.5s)
[campaign] t=   1442s  trial 1  16m      v0 in_flight=1 ...  fps=   35.37  drift=+0  (86.2s)
[campaign] t=   1529s  trial 1  16m      v0 in_flight=2 ...  fps=   35.48  drift=+0  (85.9s)
[campaign] t=   1616s  trial 1  16m      v5 in_flight=1 ...  fps=   35.80  drift=+0  (100.2s)
[campaign] t=   1717s  trial 1  16m      v5 in_flight=2 ...  fps=   36.00  drift=+0  (99.5s)
[campaign] t=   1818s  trial 1  32m      v0 in_flight=1 ...  fps=   18.18  drift=+0  (167.9s)
[campaign] t=   1987s  trial 1  32m      v0 in_flight=2 ...  fps=   18.29  drift=+0  (166.8s)
[campaign] t=   2154s  trial 1  32m      v5 in_flight=1 ...  fps=   18.43  drift=+0  (196.4s)
[campaign] t=   2352s  trial 1  32m      v5 in_flight=2 ...  fps=   18.51  drift=+0  (195.4s)
[campaign] t=   2548s  trial 2  1m       v0 in_flight=2 ...  fps=  545.54  drift=+0  (20.5s)
[campaign] t=   2570s  trial 2  1m       v5 in_flight=1 ...  fps=  523.31  drift=+0  (22.4s)
[campaign] t=   2593s  trial 2  1m       v5 in_flight=2 ...  fps=  548.56  drift=+0  (21.4s)
[campaign] t=   2615s  trial 2  1m       v0 in_flight=1 ...  fps=  521.91  drift=+0  (21.5s)
[campaign] t=   2638s  trial 2  1m_orig  v0 in_flight=2 ...  fps=  564.21  drift=+0  (19.9s)
[campaign] t=   2659s  trial 2  1m_orig  v5 in_flight=1 ...  fps=  523.59  drift=+0  (22.9s)
[campaign] t=   2683s  trial 2  1m_orig  v5 in_flight=2 ...  fps=  548.39  drift=+0  (21.9s)
[campaign] t=   2706s  trial 2  1m_orig  v0 in_flight=1 ...  fps=  538.35  drift=+0  (20.8s)
[campaign] t=   2727s  trial 2  2m       v0 in_flight=2 ...  fps=  273.95  drift=+0  (25.9s)
[campaign] t=   2754s  trial 2  2m       v5 in_flight=1 ...  fps=  269.94  drift=+0  (28.2s)
[campaign] t=   2784s  trial 2  2m       v5 in_flight=2 ...  fps=  277.07  drift=+0  (27.5s)
[campaign] t=   2812s  trial 2  2m       v0 in_flight=1 ...  fps=  266.93  drift=+0  (26.6s)
[campaign] t=   2840s  trial 2  4m       v0 in_flight=2 ...  fps=  131.72  drift=+0  (38.6s)
[campaign] t=   2879s  trial 2  4m       v5 in_flight=1 ...  fps=  129.94  drift=+0  (60.3s)
[campaign] t=   2940s  trial 2  4m       v5 in_flight=2 ...  fps=  131.98  drift=+0  (59.6s)
[campaign] t=   3001s  trial 2  4m       v0 in_flight=1 ...  fps=  129.73  drift=+0  (39.1s)
[campaign] t=   3041s  trial 2  6m       v0 in_flight=2 ...  fps=   94.40  drift=+0  (43.0s)
[campaign] t=   3085s  trial 2  6m       v5 in_flight=1 ...  fps=   94.72  drift=+0  (48.1s)
[campaign] t=   3134s  trial 2  6m       v5 in_flight=2 ...  fps=   96.54  drift=+0  (47.4s)
[campaign] t=   3183s  trial 2  6m       v0 in_flight=1 ...  fps=   93.37  drift=+0  (43.5s)
[campaign] t=   3227s  trial 2  8m       v0 in_flight=2 ...  fps=   70.37  drift=+0  (43.4s)
[campaign] t=   3272s  trial 2  8m       v5 in_flight=1 ...  fps=   70.61  drift=+0  (50.6s)
[campaign] t=   3323s  trial 2  8m       v5 in_flight=2 ...  fps=   71.20  drift=+0  (50.1s)
[campaign] t=   3374s  trial 2  8m       v0 in_flight=1 ...  fps=   69.57  drift=+0  (43.9s)
[campaign] t=   3419s  trial 2  10m      v0 in_flight=2 ...  fps=   58.00  drift=+0  (52.7s)
[campaign] t=   3473s  trial 2  10m      v5 in_flight=1 ...  fps=   58.45  drift=+0  (61.4s)
[campaign] t=   3535s  trial 2  10m      v5 in_flight=2 ...  fps=   59.00  drift=+0  (60.8s)
[campaign] t=   3597s  trial 2  10m      v0 in_flight=1 ...  fps=   57.38  drift=+0  (53.2s)
[campaign] t=   3651s  trial 2  14m      v0 in_flight=2 ...  fps=   39.67  drift=+0  (76.9s)
[campaign] t=   3729s  trial 2  14m      v5 in_flight=1 ...  fps=   39.72  drift=+0  (90.1s)
[campaign] t=   3820s  trial 2  14m      v5 in_flight=2 ...  fps=   40.01  drift=+0  (89.6s)
[campaign] t=   3911s  trial 2  14m      v0 in_flight=1 ...  fps=   39.39  drift=+0  (77.3s)
[campaign] t=   3989s  trial 2  16m      v0 in_flight=2 ...  fps=   35.59  drift=+0  (85.6s)
[campaign] t=   4076s  trial 2  16m      v5 in_flight=1 ...  fps=   35.78  drift=+0  (99.7s)
[campaign] t=   4176s  trial 2  16m      v5 in_flight=2 ...  fps=   35.94  drift=+0  (99.2s)
[campaign] t=   4277s  trial 2  16m      v0 in_flight=1 ...  fps=   35.36  drift=+0  (86.2s)
[campaign] t=   4364s  trial 2  32m      v0 in_flight=2 ...  fps=   18.26  drift=+0  (166.8s)
[campaign] t=   4532s  trial 2  32m      v5 in_flight=1 ...  fps=   18.41  drift=+0  (196.1s)
[campaign] t=   4729s  trial 2  32m      v5 in_flight=2 ...  fps=   18.49  drift=+0  (195.6s)
[campaign] t=   4925s  trial 2  32m      v0 in_flight=1 ...  fps=   18.20  drift=+0  (167.3s)
[campaign] t=   5094s  trial 3  1m       v5 in_flight=1 ...  fps=  523.82  drift=+0  (22.4s)
[campaign] t=   5117s  trial 3  1m       v5 in_flight=2 ...  fps=  548.43  drift=+0  (21.4s)
[campaign] t=   5139s  trial 3  1m       v0 in_flight=1 ...  fps=  521.85  drift=+0  (21.5s)
[campaign] t=   5162s  trial 3  1m       v0 in_flight=2 ...  fps=  546.13  drift=+0  (20.5s)
[campaign] t=   5183s  trial 3  1m_orig  v5 in_flight=1 ...  fps=  523.49  drift=+0  (22.9s)
[campaign] t=   5207s  trial 3  1m_orig  v5 in_flight=2 ...  fps=  548.22  drift=+0  (21.9s)
[campaign] t=   5230s  trial 3  1m_orig  v0 in_flight=1 ...  fps=  538.07  drift=+0  (20.8s)
[campaign] t=   5252s  trial 3  1m_orig  v0 in_flight=2 ...  fps=  564.64  drift=+0  (19.9s)
[campaign] t=   5273s  trial 3  2m       v5 in_flight=1 ...  fps=  269.36  drift=+0  (28.2s)
[campaign] t=   5302s  trial 3  2m       v5 in_flight=2 ...  fps=  276.66  drift=+0  (27.5s)
[campaign] t=   5331s  trial 3  2m       v0 in_flight=1 ...  fps=  267.49  drift=+0  (26.5s)
[campaign] t=   5358s  trial 3  2m       v0 in_flight=2 ...  fps=  274.12  drift=+0  (25.9s)
[campaign] t=   5385s  trial 3  4m       v5 in_flight=1 ...  fps=  129.88  drift=+0  (60.3s)
[campaign] t=   5446s  trial 3  4m       v5 in_flight=2 ...  fps=  132.07  drift=+0  (59.6s)
[campaign] t=   5507s  trial 3  4m       v0 in_flight=1 ...  fps=  129.71  drift=+0  (39.2s)
[campaign] t=   5547s  trial 3  4m       v0 in_flight=2 ...  fps=  131.91  drift=+0  (38.5s)
[campaign] t=   5587s  trial 3  6m       v5 in_flight=1 ...  fps=   95.25  drift=+0  (47.9s)
[campaign] t=   5636s  trial 3  6m       v5 in_flight=2 ...  fps=   96.54  drift=+0  (47.3s)
[campaign] t=   5684s  trial 3  6m       v0 in_flight=1 ...  fps=   93.07  drift=+0  (43.6s)
[campaign] t=   5728s  trial 3  6m       v0 in_flight=2 ...  fps=   94.39  drift=+0  (43.0s)
[campaign] t=   5772s  trial 3  8m       v5 in_flight=1 ...  fps=   70.63  drift=+0  (50.5s)
[campaign] t=   5824s  trial 3  8m       v5 in_flight=2 ...  fps=   71.29  drift=+0  (50.0s)
[campaign] t=   5875s  trial 3  8m       v0 in_flight=1 ...  fps=   69.95  drift=+0  (43.7s)
[campaign] t=   5920s  trial 3  8m       v0 in_flight=2 ...  fps=   70.59  drift=+0  (43.2s)
[campaign] t=   5964s  trial 3  10m      v5 in_flight=1 ...  fps=   58.56  drift=+0  (61.2s)
[campaign] t=   6026s  trial 3  10m      v5 in_flight=2 ...  fps=   59.07  drift=+0  (60.8s)
[campaign] t=   6088s  trial 3  10m      v0 in_flight=1 ...  fps=   57.31  drift=+0  (53.2s)
[campaign] t=   6142s  trial 3  10m      v0 in_flight=2 ...  fps=   58.04  drift=+0  (52.6s)
[campaign] t=   6196s  trial 3  14m      v5 in_flight=1 ...  fps=   39.77  drift=+0  (89.9s)
[campaign] t=   6287s  trial 3  14m      v5 in_flight=2 ...  fps=   40.01  drift=+0  (89.5s)
[campaign] t=   6377s  trial 3  14m      v0 in_flight=1 ...  fps=   39.42  drift=+0  (77.3s)
[campaign] t=   6455s  trial 3  14m      v0 in_flight=2 ...  fps=   39.69  drift=+0  (76.8s)
[campaign] t=   6533s  trial 3  16m      v5 in_flight=1 ...  fps=   35.74  drift=+0  (99.7s)
[campaign] t=   6634s  trial 3  16m      v5 in_flight=2 ...  fps=   35.98  drift=+0  (99.3s)
[campaign] t=   6734s  trial 3  16m      v0 in_flight=1 ...  fps=   35.43  drift=+0  (86.0s)
[campaign] t=   6821s  trial 3  16m      v0 in_flight=2 ...  fps=   35.57  drift=+0  (85.6s)
[campaign] t=   6908s  trial 3  32m      v5 in_flight=1 ...  fps=   18.44  drift=+0  (195.8s)
[campaign] t=   7105s  trial 3  32m      v5 in_flight=2 ...  fps=   18.48  drift=+0  (195.3s)
[campaign] t=   7301s  trial 3  32m      v0 in_flight=1 ...  fps=   18.21  drift=+0  (167.3s)
[campaign] t=   7469s  trial 3  32m      v0 in_flight=2 ...  fps=   18.25  drift=+0  (166.8s)
[campaign] DONE in 127.3 min
