[baseline_bench] solver=v0 in_flight=1 device=2 case=cases/cavity3d_8m/case.yaml warmup=100 measure=100
[VulkanContext] available physical devices (3):
  [0] NVIDIA GeForce RTX 5090  type=DISCRETE  api=1.4.303
        queue_family[0]: graphics+compute+transfer+sparse (count=16)  <- compute pick
        queue_family[1]: transfer+sparse (count=2)
        queue_family[2]: compute+transfer+sparse (count=8)
        queue_family[3]: transfer+sparse (count=2)
        queue_family[4]: transfer+sparse (count=2)
        queue_family[5]: transfer+sparse (count=1)
  [1] AMD Radeon(TM) Graphics  type=INTEGRATED  api=1.4.315
        queue_family[0]: graphics+compute+transfer+sparse (count=8)  <- compute pick
        queue_family[1]: compute+transfer+sparse (count=4)
        queue_family[2]: transfer+sparse (count=1)
        queue_family[3]: none (count=1)
        queue_family[4]: none (count=1)
  [2] NVIDIA GeForce RTX 5090  type=DISCRETE  api=1.4.303
        queue_family[0]: graphics+compute+transfer+sparse (count=16)  <- compute pick
        queue_family[1]: transfer+sparse (count=2)
        queue_family[2]: compute+transfer+sparse (count=8)
        queue_family[3]: transfer+sparse (count=2)
        queue_family[4]: transfer+sparse (count=2)
        queue_family[5]: transfer+sparse (count=1)
[VulkanContext] selected: [2] NVIDIA GeForce RTX 5090 on queue_family[0]
[Simulator] WORKGROUP_SIZE check:
  requested workgroup x = 128
  device maxComputeWorkGroupSize  = (1024, 1024, 64)
  device maxComputeWorkGroupInvocations = 1024
  ok

[Simulator] loaded 8 shader modules from C:\Users\cchen\PycharmProjects\vulkan-demo\shaders\spv\sph
[Simulator] allocated 32 buffers, 1814.09 MB total (device-local)
[Simulator] allocated 9 scratch buffers for defrag, 1612.73 MB total (device-local)
[Simulator] uploaded initial state to 32 buffers
[Simulator] bootstrap ok: alive=10503459
[Simulator] init defrag complete (cadence=1000)
[baseline_bench] gpu=NVIDIA GeForce RTX 5090  particles=10,503,459  load=7.4s setup=1.1s  defrag_cadence=1000
[baseline_bench] fps=12.23  us/step=81771.7  alive=10,503,459 drift=+0 overflow=0
RESULT {"status": "ok", "solver": "v0", "in_flight": 1, "case": "cases/cavity3d_8m/case.yaml", "tag": "e5.0_precheck", "trial": 0, "device": 2, "gpu_uuid": null, "gpu": "NVIDIA GeForce RTX 5090", "particles": 10503459, "alive": 10503459, "drift": 0, "overflow_inside": 0, "overflow_incoming": 0, "correction_fallback": 0, "warmup": 100, "measure": 100, "defrag_cadence": 1000, "load_seconds": 7.4, "setup_seconds": 1.09, "measure_seconds": 8.1772, "fps": 12.2292, "us_per_step": 81771.73, "epoch_start": 1790232493.1184, "epoch_end": 1790232501.2956}
