[chain_v7] switchinterval_s=0.0002
[case_loader_v7] loading lid_driven_cavity_2d_2m
  - domain.obj: 2,002,225 particles (stick_water)
  - wall.obj: 47,179 particles (stick_wall)
  - wall_top.obj: 15,565 particles (stick_lid)
[case_loader_v7] total loaded: 2,064,969 particles
[case_loader_v7] grid: dim=(288, 288, 1) origin=(-0.5099719833068848, -0.5099719833068848, -0.001768)
[partition_v7] chain N=2: columns [0,144), [144,288) of 288; particles 1,030,329, 1,034,640
[partition_v7] seam: ghost_layers=2 keep_departed=1 ghost pool/direction=18,941 (replica regions 2 x 9,355 + migrants 231) departed pool/slab=231/231
[chain_v7] K=2 weights=[1.0, 1.0] device_map=[0, 1] sync=per-direction depth=2 pool_safety=1.2 switchinterval_s=0.0002
[chain_v7] weights source=given cuts=[144]
[chain_v7] v7 switches: V7_DENSITY_COPY_COMPUTE=1 V7_GHOST_SEND_LANES=32 V7_DEEP_WALL_SKIP=auto V7_DEEP_WALL_CHECK=0 V7_FUSED_CORRECTION_DENSITY=1 V7_BAND_OVERLAP=0
[VulkanContextV7] available physical devices (3, discrete-first stable order):
  [0] NVIDIA GeForce RTX 5090  type=DISCRETE  api=1.4.303
        queue_family[0]: graphics+compute+transfer+sparse (count=16)  <- compute pick
        queue_family[1]: transfer+sparse (count=2)
        queue_family[2]: compute+transfer+sparse (count=8)
        queue_family[3]: transfer+sparse (count=2)
        queue_family[4]: transfer+sparse (count=2)
        queue_family[5]: transfer+sparse (count=1)
  [1] NVIDIA GeForce RTX 5090  type=DISCRETE  api=1.4.303
        queue_family[0]: graphics+compute+transfer+sparse (count=16)  <- compute pick
        queue_family[1]: transfer+sparse (count=2)
        queue_family[2]: compute+transfer+sparse (count=8)
        queue_family[3]: transfer+sparse (count=2)
        queue_family[4]: transfer+sparse (count=2)
        queue_family[5]: transfer+sparse (count=1)
  [2] AMD Radeon(TM) Graphics  type=INTEGRATED  api=1.4.315
        queue_family[0]: graphics+compute+transfer+sparse (count=8)  <- compute pick
        queue_family[1]: compute+transfer+sparse (count=4)
        queue_family[2]: transfer+sparse (count=1)
        queue_family[3]: none (count=1)
        queue_family[4]: none (count=1)
[VulkanContextV7] selected: [0] NVIDIA GeForce RTX 5090 on queue_family[0]
[VulkanContextV7] transfer queue family: queue_family[1] (dedicated)
[VulkanContextV7] transfer queues: 2 (readback + upload split)
[SimV7] V7_DEEP_WALL_SKIP=auto: off (auto: 2-D slab)
[SimV7] V7_FUSED_CORRECTION_DENSITY=1: fused (one neighbour traversal for correction + density, band 2, inner ghost column as self)
[SimV7] device-local buffers: 24, 196.98 MB (14 CONCURRENT for transfer queue)
[SimV7] defrag scratch buffers: 9, 167.65 MB
[SimV7] host staging buffers: 2, 1198.3 KB (persistent-mapped)
  sender   type[3]=HOST_VISIBLE|HOST_COHERENT|HOST_CACHED [host RAM]
  receiver type[2]=HOST_VISIBLE|HOST_COHERENT [host RAM]
[SimV7] compute pipelines: 28 (V7_CASCADE_FORCE=1: force_deep_interior in Phase B) (V7_BAND_VOXEL_DISPATCH=1, lanes=64, bands 2/2/3: boundary kernels over band voxels: 55,296/55,296/55,296 threads vs 1,236,480) (seam: ghost_layers=2, departed pool=231) (V7_DENSITY_COPY_COMPUTE=1: density copy pass over 3 region(s), 1,246,066 slots) (V7_GHOST_SEND_LANES=32: ghost_send over 576 lane groups, local size 64, 288 workgroups per direction) (V7_FUSED_CORRECTION_DENSITY: correction_density_all / _interior / _boundary / _boundary_band replace correction + density at band 2)
[SimV7] init complete on NVIDIA GeForce RTX 5090 (own=1236480, ghost L=0 T=18941, wall_boundary=simple)
[VulkanContextV7] available physical devices (3, discrete-first stable order):
  [0] NVIDIA GeForce RTX 5090  type=DISCRETE  api=1.4.303
        queue_family[0]: graphics+compute+transfer+sparse (count=16)  <- compute pick
        queue_family[1]: transfer+sparse (count=2)
        queue_family[2]: compute+transfer+sparse (count=8)
        queue_family[3]: transfer+sparse (count=2)
        queue_family[4]: transfer+sparse (count=2)
        queue_family[5]: transfer+sparse (count=1)
  [1] NVIDIA GeForce RTX 5090  type=DISCRETE  api=1.4.303
        queue_family[0]: graphics+compute+transfer+sparse (count=16)  <- compute pick
        queue_family[1]: transfer+sparse (count=2)
        queue_family[2]: compute+transfer+sparse (count=8)
        queue_family[3]: transfer+sparse (count=2)
        queue_family[4]: transfer+sparse (count=2)
        queue_family[5]: transfer+sparse (count=1)
  [2] AMD Radeon(TM) Graphics  type=INTEGRATED  api=1.4.315
        queue_family[0]: graphics+compute+transfer+sparse (count=8)  <- compute pick
        queue_family[1]: compute+transfer+sparse (count=4)
        queue_family[2]: transfer+sparse (count=1)
        queue_family[3]: none (count=1)
        queue_family[4]: none (count=1)
[VulkanContextV7] selected: [1] NVIDIA GeForce RTX 5090 on queue_family[0]
[VulkanContextV7] transfer queue family: queue_family[1] (dedicated)
[VulkanContextV7] transfer queues: 2 (readback + upload split)
[SimV7] V7_DEEP_WALL_SKIP=auto: off (auto: 2-D slab)
[SimV7] V7_FUSED_CORRECTION_DENSITY=1: fused (one neighbour traversal for correction + density, band 2, inner ghost column as self)
[SimV7] device-local buffers: 24, 197.70 MB (14 CONCURRENT for transfer queue)
[SimV7] defrag scratch buffers: 9, 168.33 MB
[SimV7] host staging buffers: 2, 1198.3 KB (persistent-mapped)
  sender   type[3]=HOST_VISIBLE|HOST_COHERENT|HOST_CACHED [host RAM]
  receiver type[2]=HOST_VISIBLE|HOST_COHERENT [host RAM]
[SimV7] compute pipelines: 28 (V7_CASCADE_FORCE=1: force_deep_interior in Phase B) (V7_BAND_VOXEL_DISPATCH=1, lanes=64, bands 2/2/3: boundary kernels over band voxels: 55,296/55,296/55,296 threads vs 1,241,600) (seam: ghost_layers=2, departed pool=231) (V7_DENSITY_COPY_COMPUTE=1: density copy pass over 3 region(s), 1,251,186 slots) (V7_GHOST_SEND_LANES=32: ghost_send over 576 lane groups, local size 64, 288 workgroups per direction) (V7_FUSED_CORRECTION_DENSITY: correction_density_all / _interior / _boundary / _boundary_band replace correction + density at band 2)
[SimV7] init complete on NVIDIA GeForce RTX 5090 (own=1241600, ghost L=18941 T=0, wall_boundary=simple)
[ChainOrchV7] N=2, 2 workers started (s0_to_s1, s1_to_s0)
[SimV7] uploaded initial state (5 payload buffers)
[SimV7] uploaded initial state (5 payload buffers)
[ChainOrchV7] bootstrap ghost sync: bridged 1198.3 KB over 1 links
[SimV7] bootstrap done: alive=1030329 overflow_inside=0 overflow_incoming=0
[SimV7] bootstrap done: alive=1034640 overflow_inside=0 overflow_incoming=0
[SimV7] step cmd buffers recorded (phase A/B/C + 1 readback + 1 upload on transfer Q)
[SimV7] V7_FAST_SUBMIT=1: cached cffi submit batches (compute A+B+C, 1 readback, 1 upload), raw waits/signals
[SimV7] step cmd buffers recorded (phase A/B/C + 1 readback + 1 upload on transfer Q)
[SimV7] V7_FAST_SUBMIT=1: cached cffi submit batches (compute A+B+C, 1 readback, 1 upload), raw waits/signals
[ChainOrchV7] all 2 sims bootstrapped + step cmds ready
[chain_v7] TOTAL: 3000 steps in 4.47s = 670.4 fps
[chain_v7] STEADY (post-warmup 1000): 2000 steps in 3.00s = 665.6 fps
[chain_v7] sim0 seam: ghost_layers=2 departed peak/frame=2 capacity=231 far_migration=0 overflow_inside_count=0 overflow_incoming_count=0 overflow_ghost_count=0 overflow_install_tail=0 overflow_install_inside=0 overflow_departed_count=0 overflow_initialization_outside=0 overflow_deep_wall_skip_count=0
[chain_v7] sim0 (dev0): alive=1,030,256 pool_used=0.0% peak_migration=0 drops=0 stamp_err=0
[chain_v7] sim1 seam: ghost_layers=2 departed peak/frame=0 capacity=231 far_migration=0 overflow_inside_count=0 overflow_incoming_count=0 overflow_ghost_count=0 overflow_install_tail=0 overflow_install_inside=0 overflow_departed_count=0 overflow_initialization_outside=0 overflow_deep_wall_skip_count=0
[chain_v7] sim1 (dev1): alive=1,034,713 pool_used=83.3% peak_migration=37 drops=0 stamp_err=0
[worker s0_to_s1] us p50/p90/max: src_wait=1307/1409/4903  dest_guard=10/591/1023  upload_guard=5/15/74  copy=63/87/408  signal=13/22/131
[worker s1_to_s0] us p50/p90/max: src_wait=1097/1364/1512  dest_guard=233/870/4030  upload_guard=5/21/131  copy=62/86/298  signal=13/24/140
[link s0_to_s1] bytes/frame: host_copy=453.6 KiB dma=599.1 KiB over 3000 frames
[link s1_to_s0] bytes/frame: host_copy=453.6 KiB dma=599.1 KiB over 3000 frames
[chain_v7] final: total=2,064,969 (expected 2,064,969) drift=0 stamp_errors gpu=0 host=0 overflow_total=0 far_migration_total=0
[chain_v7] seam 0 (col 144): L_overshoot=-0.01dx R_overshoot=-0.07dx dup=0 OK
[chain_v7] fields: rho[998.6,1001.2] vmax=1.0000 OK
